Tecplot 2017.1.0.77086 Batch Log
ACTION: PAGECONTROL: CREATE
ACTION: LOADADDON
ACTION: LOADADDON
ACTION: LOADADDON
ACTION: LOADADDON
ACTION: LOADADDON
ACTION: LOADADDON
ACTION: LOADADDON
ACTION: LOADADDON
ACTION: LOADADDON
ACTION: LOADADDON
ACTION: LOADADDON
ACTION: LOADADDON
ACTION: LOADADDON
ACTION: LOADADDON
ACTION: LOADADDON
ACTION: LOADADDON
ACTION: LOADADDON
ACTION: LOADADDON
ACTION: LOADADDON
ACTION: LOADADDON
ACTION: LOADADDON
ACTION: LOADADDON
ACTION: LOADADDON
ACTION: LOADADDON
ACTION: READDATASET: ".new.plt" ".old.plt"
ACTION: REDRAWALL
ACTION: KRIG
ACTION: WRITEDATASET: solution_b.plt
